src/monocypher.c:92:12:load24_le	0	static
src/monocypher.c:100:12:load32_le	0	static
src/monocypher.c:109:12:load64_le	8	static
src/monocypher.c:114:13:store32_le	0	static
src/monocypher.c:128:13:load32_le_buf	8	static
src/monocypher.c:131:13:load64_le_buf	16	static
src/monocypher.c:134:13:store32_le_buf	8	static
src/monocypher.c:137:13:store64_le_buf	16	static
src/monocypher.c:153:12:x16	24	static
src/monocypher.c:158:12:x32	24	static
src/monocypher.c:179:13:chacha20_rounds	80	static
src/monocypher.c:311:13:poly_blocks	112	static
src/monocypher.c:462:13:blake2b_compress	176	static
src/monocypher.c:680:13:copy_block	12	static
src/monocypher.c:681:14:xor_block	16	static
src/monocypher.c:729:13:g_rounds	152	static
src/monocypher.c:971:13:fe_0	0	static
src/monocypher.c:972:13:fe_1	0	static
src/monocypher.c:974:13:fe_copy	0	static
src/monocypher.c:975:13:fe_neg	0	static
src/monocypher.c:976:13:fe_add	12	static
src/monocypher.c:977:13:fe_sub	12	static
src/monocypher.c:998:13:fe_cswap	16	static
src/monocypher.c:1013:13:fe_ccopy	16	static
src/monocypher.c:1160:13:fe_frombytes_mask	72	static
src/monocypher.c:1237:13:fe_mul_small	80	static
src/monocypher.c:1257:13:fe_mul	176	static
src/monocypher.c:1313:13:fe_sq	120	static
src/monocypher.c:1510:12:scalar_bit	0	static
src/monocypher.c:1605:13:multiply	32	static
src/monocypher.c:1618:12:is_above_l	16	static
src/monocypher.c:1634:13:remove_l	24	static
src/monocypher.c:1725:13:ge_zero	8	static
src/monocypher.c:1795:13:ge_cache	16	static
src/monocypher.c:1805:13:ge_add	112	static
src/monocypher.c:1839:13:ge_madd	40	static
src/monocypher.c:1870:13:ge_double	32	static
src/monocypher.c:1949:13:slide_init	16	static
src/monocypher.c:1970:12:slide_step	40	static
src/monocypher.c:2170:13:lookup_add	56	static
src/monocypher.c:2453:13:add_xl	24	static
src/monocypher.c:378:6:crypto_poly1305_update.part.0	16	static
src/monocypher.c:560:6:crypto_blake2b_update.part.0	40	static
src/monocypher.c:160:5:crypto_verify16	8	static
src/monocypher.c:161:5:crypto_verify32	8	static
src/monocypher.c:162:5:crypto_verify64	24	static
src/monocypher.c:164:6:crypto_wipe	0	static
src/monocypher.c:1193:13:fe_tobytes	56	static
src/monocypher.c:1370:12:fe_isequal	72	static
src/monocypher.c:1439:12:invsqrt	144	static
src/monocypher.c:1490:13:fe_invert	56	static
src/monocypher.c:1519:13:scalarmult	312	static
src/monocypher.c:1646:13:mod_l	152	static
src/monocypher.c:1360:12:fe_isodd	40	static
src/monocypher.c:1774:12:ge_frombytes_neg_vartime	24	static
src/monocypher.c:1733:13:ge_tobytes	136	static
src/monocypher.c:2540:13:select_lop	56	static
src/monocypher.c:2784:13:redc	136	static
src/monocypher.c:664:13:blake_update_32	16	static
src/monocypher.c:205:6:crypto_chacha20_h	80	static
src/monocypher.c:220:5:crypto_chacha20_djb	232	static
src/monocypher.c:279:5:crypto_chacha20_ietf	32	static
src/monocypher.c:288:5:crypto_chacha20_x	72	static
src/monocypher.c:367:6:crypto_poly1305_init	16	static
src/monocypher.c:378:6:crypto_poly1305_update	0	static
src/monocypher.c:414:6:crypto_poly1305_final	24	static
src/monocypher.c:2890:13:lock_auth	112	static
src/monocypher.c:443:6:crypto_poly1305	88	static
src/monocypher.c:531:6:crypto_blake2b_keyed_init	152	static
src/monocypher.c:555:6:crypto_blake2b_init	0	static
src/monocypher.c:560:6:crypto_blake2b_update	0	static
src/monocypher.c:672:13:blake_update_32_buf	16	static
src/monocypher.c:628:6:crypto_blake2b_final	24	static
src/monocypher.c:640:6:crypto_blake2b_keyed	224	static
src/monocypher.c:650:6:crypto_blake2b	16	static
src/monocypher.c:688:13:extended_hash	248	static
src/monocypher.c:749:6:crypto_argon2	2256	static
src/monocypher.c:1501:6:crypto_eddsa_trim_scalar	8	static
src/monocypher.c:1578:6:crypto_x25519	48	static
src/monocypher.c:1589:6:crypto_x25519_public_key	0	static
src/monocypher.c:1690:6:crypto_eddsa_reduce	72	static
src/monocypher.c:2265:13:hash_reduce.constprop	304	static
src/monocypher.c:1699:6:crypto_eddsa_mul_add	144	static
src/monocypher.c:2192:13:ge_scalarmult_base	432	static
src/monocypher.c:2000:5:crypto_eddsa_check_equation	1088	static
src/monocypher.c:2240:6:crypto_eddsa_scalarbase	168	static
src/monocypher.c:2248:6:crypto_eddsa_key_pair	88	static
src/monocypher.c:2335:6:crypto_eddsa_sign	192	static
src/monocypher.c:2363:5:crypto_eddsa_check	56	static
src/monocypher.c:2374:6:crypto_eddsa_to_x25519	88	static
src/monocypher.c:2389:6:crypto_x25519_to_eddsa	88	static
src/monocypher.c:2477:6:crypto_x25519_dirty_small	48	static
src/monocypher.c:2558:6:crypto_x25519_dirty_fast	416	static
src/monocypher.c:2655:6:crypto_elligator_map	224	static
src/monocypher.c:2715:5:crypto_elligator_rev	136	static
src/monocypher.c:2746:6:crypto_elligator_key_pair	144	static
src/monocypher.c:2822:6:crypto_x25519_inverse	192	static
src/monocypher.c:2907:6:crypto_aead_init_x	16	static
src/monocypher.c:2915:6:crypto_aead_init_djb	12	static
src/monocypher.c:2923:6:crypto_aead_init_ietf	16	static
src/monocypher.c:2931:6:crypto_aead_write	120	static
src/monocypher.c:2944:5:crypto_aead_read	136	static
src/monocypher.c:2963:6:crypto_aead_lock	80	static
src/monocypher.c:2974:5:crypto_aead_unlock	80	static
