src/monocypher-ed25519.c:106:13:load64_be_buf	8	static
src/monocypher-ed25519.c:144:13:sha512_compress	192	static
src/monocypher-ed25519.c:180:13:sha512_set_input	8	static
src/monocypher-ed25519.c:212:6:crypto_sha512_update.part.0	32	static
src/monocypher-ed25519.c:196:6:crypto_sha512_init	12	static
src/monocypher-ed25519.c:212:6:crypto_sha512_update	0	static
src/monocypher-ed25519.c:275:6:crypto_sha512_final	24	static
src/monocypher-ed25519.c:430:13:hash_reduce.constprop	296	static
src/monocypher-ed25519.c:304:6:crypto_sha512	232	static
src/monocypher-ed25519.c:447:13:ed25519_dom_sign	208	static
src/monocypher-ed25519.c:315:6:crypto_sha512_hmac_init	16	static
src/monocypher-ed25519.c:332:6:crypto_sha512_hmac_update	0	static
src/monocypher-ed25519.c:338:6:crypto_sha512_hmac_final	16	static
src/monocypher-ed25519.c:354:6:crypto_sha512_hmac	360	static
src/monocypher-ed25519.c:366:6:crypto_sha512_hkdf_expand	448	static
src/monocypher-ed25519.c:399:6:crypto_sha512_hkdf	88	static
src/monocypher-ed25519.c:417:6:crypto_ed25519_key_pair	88	static
src/monocypher-ed25519.c:469:6:crypto_ed25519_sign	16	static
src/monocypher-ed25519.c:475:5:crypto_ed25519_check	64	static
src/monocypher-ed25519.c:485:6:crypto_ed25519_ph_sign	16	static
src/monocypher-ed25519.c:492:5:crypto_ed25519_ph_check	64	static
