Open On-Chip Debugger 0.12.0
Licensed under GNU GPL v2
For bug reports, read
	http://openocd.org/doc/doxygen/bugs.html
Info : The selected transport took over low-level target control. The results might differ compared to plain JTAG/SWD
Info : clock speed 1000 kHz
Info : STLINK V2J37S7 (API v2) VID:PID 0483:3748
Info : Target voltage: 3.203684
Info : [stm32f4x.cpu] Cortex-M4 r0p1 processor detected
Info : [stm32f4x.cpu] target has 6 breakpoints, 4 watchpoints
Info : starting gdb server for stm32f4x.cpu on 3333
Info : Listening on port 3333 for gdb connections
Info : Unable to match requested speed 2000 kHz, using 1800 kHz
Info : Unable to match requested speed 2000 kHz, using 1800 kHz
[stm32f4x.cpu] halted due to debug-request, current mode: Thread 
xPSR: 0x01000000 pc: 0xfffffffe msp: 0xfffffffc
=== EXP034 MEMORY ACCESS MATRIX ===
FORMAT: NAME|ADDRESS|WIDTH|STATUS|VALUE
CORE_CPUID|0xE000ED00|32|OK|0x410fc241
DBGMCU_IDCODE|0xE0042000|32|OK|0x20036419
FLASH_OPTCR|0x40023C14|32|OK|0xffe00ed
SRAM_START|0x20000000|32|OK|0x769df8ae
Error: read_memory: read at 0x08000000 with width=32 and count=1 failed
FLASH_START|0x08000000|32|FAIL
Error: read_memory: read at 0x1fff0000 with width=32 and count=1 failed
SYSTEM_ROM_START|0x1FFF0000|32|FAIL
Error: read_memory: read at 0x1fff7a10 with width=32 and count=1 failed
UID0|0x1FFF7A10|32|FAIL
Error: read_memory: read at 0x1fff7a14 with width=32 and count=1 failed
UID1|0x1FFF7A14|32|FAIL
Error: read_memory: read at 0x1fff7a18 with width=32 and count=1 failed
UID2|0x1FFF7A18|32|FAIL
Error: read_memory: read at 0x1fff7a22 with width=16 and count=1 failed
FLASH_SIZE|0x1FFF7A22|16|FAIL
EXP034_MATRIX_COMPLETE
shutdown command invoked
