Open On-Chip Debugger 0.12.0
Licensed under GNU GPL v2
For bug reports, read
	http://openocd.org/doc/doxygen/bugs.html
Info : The selected transport took over low-level target control. The results might differ compared to plain JTAG/SWD
Info : clock speed 1000 kHz
Info : STLINK V2J37S7 (API v2) VID:PID 0483:3748
Info : Target voltage: 3.185799
Info : [stm32f4x.cpu] Cortex-M4 r0p1 processor detected
Info : [stm32f4x.cpu] target has 6 breakpoints, 4 watchpoints
Info : starting gdb server for stm32f4x.cpu on 3333
Info : Listening on port 3333 for gdb connections
Info : Unable to match requested speed 2000 kHz, using 1800 kHz
Info : Unable to match requested speed 2000 kHz, using 1800 kHz
[stm32f4x.cpu] halted due to debug-request, current mode: Thread 
xPSR: 0x01000000 pc: 0xfffffffe msp: 0xfffffffc
=== UID TEST ===
Error: read_memory: read at 0x1fff7a10 with width=32 and count=1 failed
logs/exp034_memory_access/read_uid.cfg:12: Error: read_memory: failed to read memory
in procedure 'script' 
at file "embedded:startup.tcl", line 28
at file "logs/exp034_memory_access/read_uid.cfg", line 12
